Input #0, mov,mp4,m4a,3gp,3g2,mj2, from 'docs/client-tutorial-uz/telegram/elonbot-telegram-uz.mp4':
  Metadata:
    major_brand     : isom
    minor_version   : 512
    compatible_brands: isomiso2avc1mp41
    title           : Elonbot — Telegram uslubidagi qollanma
    encoder         : Lavf61.7.100
    comment         : Educational recreation, synthetic demo content, actual local Mini App captures
  Duration: 00:02:01.00, start: 0.000000, bitrate: 117 kb/s
  Stream #0:0[0x1](und): Video: h264 (High) (avc1 / 0x31637661), yuv420p(progressive), 720x1280, 114 kb/s, 24 fps, 24 tbr, 12288 tbn (default)
      Metadata:
        handler_name    : VideoHandler
        vendor_id       : [0][0][0][0]
        encoder         : Lavc61.19.100 libx264
Stream mapping:
  Stream #0:0 -> #0:0 (h264 (native) -> wrapped_avframe (native))
Press [q] to stop, [?] for help
Output #0, null, to 'pipe:':
  Metadata:
    major_brand     : isom
    minor_version   : 512
    compatible_brands: isomiso2avc1mp41
    title           : Elonbot — Telegram uslubidagi qollanma
    comment         : Educational recreation, synthetic demo content, actual local Mini App captures
    encoder         : Lavf61.7.100
  Stream #0:0(und): Video: wrapped_avframe, yuv420p(progressive), 720x1280, q=2-31, 200 kb/s, 24 fps, 24 tbn (default)
      Metadata:
        handler_name    : VideoHandler
        vendor_id       : [0][0][0][0]
        encoder         : Lavc61.19.100 wrapped_avframe
[out#0/null @ 0000029561c2f8c0] video:1248KiB audio:0KiB subtitle:0KiB other streams:0KiB global headers:0KiB muxing overhead: unknown
frame= 2904 fps=2203 q=-0.0 Lsize=N/A time=00:02:01.00 bitrate=N/A speed=91.8x    
